src/hooks/useProducts.ts(33,27): error TS2304: Cannot find name 'useCallback'.
